error: Same `id: same_id` assign to multiple objects, id must be unique.
 --> compile_msg/declare/duplicate_id_fail.rs:6:11
  |
6 |       id: same_id,
  |           ^^^^^^^
...
9 |         id: same_id,
  |             ^^^^^^^

error: Same `id: same_id` assign to multiple objects, id must be unique.
  --> compile_msg/declare/duplicate_id_fail.rs:16:14
   |
16 |     states { same_id: Stateful::new(0) }
   |              ^^^^^^^
17 |     BoxDecoration {
18 |       id: same_id,
   |           ^^^^^^^

error: Same `id: same_id` assign to multiple objects, id must be unique.
  --> compile_msg/declare/duplicate_id_fail.rs:25:11
   |
25 |       id: same_id,
   |           ^^^^^^^
...
29 |           SizedBox { id: same_id, size: Size::zero() }
   |                          ^^^^^^^

error: Same `id: same_id` assign to multiple objects, id must be unique.
  --> compile_msg/declare/duplicate_id_fail.rs:36:14
   |
36 |     states { same_id: Stateful::new(0),}
   |              ^^^^^^^
...
39 |         SizedBox { id: same_id, size: Size::zero(),}
   |                        ^^^^^^^

error: Same `id: same_id` assign to multiple objects, id must be unique.
  --> compile_msg/declare/duplicate_id_fail.rs:45:14
   |
45 |     states { same_id: Stateful::new(0),}
   |              ^^^^^^^
...
48 |         states { same_id: Stateful::new(0),}
   |                  ^^^^^^^

error: Same `id: same_id` assign to multiple objects, id must be unique.
  --> compile_msg/declare/duplicate_id_fail.rs:56:11
   |
56 |       id: same_id,
   |           ^^^^^^^
...
60 |           states { same_id: Stateful::new(0),}
   |                    ^^^^^^^

error[E0282]: type annotations needed
 --> compile_msg/declare/duplicate_id_fail.rs:4:7
  |
4 |   let _id_must_be_unique_err = widget! {
  |       ^^^^^^^^^^^^^^^^^^^^^^
  |
help: consider giving `_id_must_be_unique_err` an explicit type
  |
4 |   let _id_must_be_unique_err: /* Type */ = widget! {
  |                             ++++++++++++
